ubuntu@cecad-a4standard-gp:/mnt$ sudo dd if=/dev/zero of=test bs=512M count=1 oflag=direct
sudo: unable to resolve host cecad-a4standard-gp
1+0 records in
1+0 records out
536870912 bytes (537 MB) copied, 8.30943 s, 64.6 MB/s
ubuntu@cecad-a4standard-gp:/mnt$ sudo dd if=/dev/zero of=test bs=512M count=1 oflag=direct
sudo: unable to resolve host cecad-a4standard-gp
1+0 records in
1+0 records out
536870912 bytes (537 MB) copied, 7.43078 s, 72.2 MB/s
ubuntu@cecad-a4standard-gp:/mnt$ sudo dd if=/dev/zero of=test bs=512M count=1 oflag=direct
sudo: unable to resolve host cecad-a4standard-gp
1+0 records in
1+0 records out
536870912 bytes (537 MB) copied, 7.8063 s, 68.8 MB/s
ubuntu@cecad-a4standard-gp:/mnt$ sudo dd if=/dev/zero of=test bs=512M count=1 oflag=sync
sudo: unable to resolve host cecad-a4standard-gp
1+0 records in
1+0 records out
536870912 bytes (537 MB) copied, 7.34697 s, 73.1 MB/s
ubuntu@cecad-a4standard-gp:/mnt$ sudo dd if=/dev/zero of=test bs=512M count=1 oflag=sync
sudo: unable to resolve host cecad-a4standard-gp
1+0 records in
1+0 records out
536870912 bytes (537 MB) copied, 7.08062 s, 75.8 MB/s
ubuntu@cecad-a4standard-gp:/mnt$ sudo dd if=/dev/zero of=test bs=512M count=1 oflag=sync
sudo: unable to resolve host cecad-a4standard-gp
1+0 records in
1+0 records out
536870912 bytes (537 MB) copied, 7.83134 s, 68.6 MB/s
ubuntu@cecad-a4standard-gp:/mnt$ sudo dd if=/dev/zero of=test bs=1G count=1 oflag=direct
sudo: unable to resolve host cecad-a4standard-gp
1+0 records in
1+0 records out
1073741824 bytes (1.1 GB) copied, 17.737 s, 60.5 MB/s
ubuntu@cecad-a4standard-gp:/mnt$ sudo dd if=/dev/zero of=test bs=1G count=1 oflag=direct
sudo: unable to resolve host cecad-a4standard-gp
1+0 records in
1+0 records out
1073741824 bytes (1.1 GB) copied, 16.5652 s, 64.8 MB/s
ubuntu@cecad-a4standard-gp:/mnt$ sudo dd if=/dev/zero of=test bs=1G count=1 oflag=direct
sudo: unable to resolve host cecad-a4standard-gp
1+0 records in
1+0 records out
1073741824 bytes (1.1 GB) copied, 16.6199 s, 64.6 MB/s
ubuntu@cecad-a4standard-gp:/mnt$ sudo dd if=/dev/zero of=test bs=1G count=1 oflag=sync
sudo: unable to resolve host cecad-a4standard-gp
1+0 records in
1+0 records out
1073741824 bytes (1.1 GB) copied, 18.1555 s, 59.1 MB/s
ubuntu@cecad-a4standard-gp:/mnt$ sudo dd if=/dev/zero of=test bs=1G count=1 oflag=sync
sudo: unable to resolve host cecad-a4standard-gp
1+0 records in
1+0 records out
1073741824 bytes (1.1 GB) copied, 14.8991 s, 72.1 MB/s
ubuntu@cecad-a4standard-gp:/mnt$ sudo dd if=/dev/zero of=test bs=1G count=1 oflag=sync
sudo: unable to resolve host cecad-a4standard-gp
1+0 records in
1+0 records out
1073741824 bytes (1.1 GB) copied, 17.8596 s, 60.1 MB/s
ubuntu@cecad-a4standard-gp:/mnt$ sudo dd if=/dev/zero of=test bs=1G count=2 oflag=direct
sudo: unable to resolve host cecad-a4standard-gp
2+0 records in
2+0 records out
2147483648 bytes (2.1 GB) copied, 33.186 s, 64.7 MB/s
ubuntu@cecad-a4standard-gp:/mnt$ sudo dd if=/dev/zero of=test bs=1G count=2 oflag=direct
sudo: unable to resolve host cecad-a4standard-gp
2+0 records in
2+0 records out
2147483648 bytes (2.1 GB) copied, 32.7938 s, 65.5 MB/s
ubuntu@cecad-a4standard-gp:/mnt$ sudo dd if=/dev/zero of=test bs=1G count=2 oflag=direct
sudo: unable to resolve host cecad-a4standard-gp
2+0 records in
2+0 records out
2147483648 bytes (2.1 GB) copied, 34.2258 s, 62.7 MB/s
ubuntu@cecad-a4standard-gp:/mnt$ sudo dd if=/dev/zero of=test bs=1G count=2 oflag=direct
sudo: unable to resolve host cecad-a4standard-gp
2+0 records in
2+0 records out
2147483648 bytes (2.1 GB) copied, 33.8948 s, 63.4 MB/s
ubuntu@cecad-a4standard-gp:/mnt$ sudo dd if=/dev/zero of=test bs=1G count=2 oflag=sync
sudo: unable to resolve host cecad-a4standard-gp
2+0 records in
2+0 records out
2147483648 bytes (2.1 GB) copied, 35.9555 s, 59.7 MB/s
ubuntu@cecad-a4standard-gp:/mnt$ sudo dd if=/dev/zero of=test bs=1G count=2 oflag=sync
sudo: unable to resolve host cecad-a4standard-gp
2+0 records in
2+0 records out
2147483648 bytes (2.1 GB) copied, 33.0045 s, 65.1 MB/s
ubuntu@cecad-a4standard-gp:/mnt$ sudo dd if=/dev/zero of=test bs=1G count=2 oflag=sync
sudo: unable to resolve host cecad-a4standard-gp
2+0 records in
2+0 records out
2147483648 bytes (2.1 GB) copied, 33.2541 s, 64.6 MB/s
ubuntu@cecad-a4standard-gp:/mnt$ sudo dd if=/dev/zero of=test bs=1G count=4 oflag=direct
sudo: unable to resolve host cecad-a4standard-gp
dd: error writing 'test': File too large
4+0 records in
3+0 records out
4294967295 bytes (4.3 GB) copied, 66.8013 s, 64.3 MB/s
ubuntu@cecad-a4standard-gp:/mnt$ sudo dd if=/dev/zero of=test bs=1G count=4 oflag=direct
sudo: unable to resolve host cecad-a4standard-gp
dd: error writing 'test': File too large
4+0 records in
3+0 records out
4294967295 bytes (4.3 GB) copied, 68.6638 s, 62.6 MB/s
ubuntu@cecad-a4standard-gp:/mnt$ sudo dd if=/dev/zero of=test bs=1G count=4 oflag=direct
sudo: unable to resolve host cecad-a4standard-gp
dd: error writing 'test': File too large
4+0 records in
3+0 records out
4294967295 bytes (4.3 GB) copied, 64.7535 s, 66.3 MB/s
ubuntu@cecad-a4standard-gp:/mnt$ sudo dd if=/dev/zero of=test bs=1G count=4 oflag=sync
sudo: unable to resolve host cecad-a4standard-gp
dd: error writing 'test': File too large
4+0 records in
3+0 records out
4294967295 bytes (4.3 GB) copied, 70.4471 s, 61.0 MB/s
ubuntu@cecad-a4standard-gp:/mnt$ sudo dd if=/dev/zero of=test bs=1G count=4 oflag=sync
sudo: unable to resolve host cecad-a4standard-gp
dd: error writing 'test': File too large
4+0 records in
3+0 records out
4294967295 bytes (4.3 GB) copied, 66.0357 s, 65.0 MB/s
ubuntu@cecad-a4standard-gp:/mnt$ sudo dd if=/dev/zero of=test bs=1G count=4 oflag=sync
sudo: unable to resolve host cecad-a4standard-gp
dd: error writing 'test': File too large
4+0 records in
3+0 records out
4294967295 bytes (4.3 GB) copied, 67.5592 s, 63.6 MB/s
ubuntu@cecad-a4standard-gp:/mnt$ sudo dd if=/dev/zero of=test bs=1G count=8 oflag=direct
sudo: unable to resolve host cecad-a4standard-gp
dd: error writing 'test': File too large
4+0 records in
3+0 records out
4294967295 bytes (4.3 GB) copied, 67.7555 s, 63.4 MB/s
ubuntu@cecad-a4standard-gp:/mnt$ sudo dd if=/dev/zero of=test bs=1G count=8 oflag=direct
sudo: unable to resolve host cecad-a4standard-gp
dd: error writing 'test': File too large
4+0 records in
3+0 records out
4294967295 bytes (4.3 GB) copied, 66.1305 s, 64.9 MB/s
ubuntu@cecad-a4standard-gp:/mnt$ sudo dd if=/dev/zero of=test bs=1G count=8 oflag=direct
sudo: unable to resolve host cecad-a4standard-gp
dd: error writing 'test': File too large
4+0 records in
3+0 records out
4294967295 bytes (4.3 GB) copied, 65.1366 s, 65.9 MB/s
ubuntu@cecad-a4standard-gp:/mnt$ sudo dd if=/dev/zero of=test bs=1G count=8 oflag=sync
sudo: unable to resolve host cecad-a4standard-gp
dd: error writing 'test': File too large
4+0 records in
3+0 records out
4294967295 bytes (4.3 GB) copied, 66.379 s, 64.7 MB/s
ubuntu@cecad-a4standard-gp:/mnt$ sudo dd if=/dev/zero of=test bs=1G count=8 oflag=sync
sudo: unable to resolve host cecad-a4standard-gp
dd: error writing 'test': File too large
4+0 records in
3+0 records out
4294967295 bytes (4.3 GB) copied, 65.7893 s, 65.3 MB/s
ubuntu@cecad-a4standard-gp:/mnt$ sudo dd if=/dev/zero of=test bs=1G count=8 oflag=sync
sudo: unable to resolve host cecad-a4standard-gp
dd: error writing 'test': File too large
4+0 records in
3+0 records out
4294967295 bytes (4.3 GB) copied, 65.7138 s, 65.4 MB/s
ubuntu@cecad-a4standard-gp:/mnt$ sudo dd if=/dev/zero of=test bs=2G count=1 oflag=direct
sudo: unable to resolve host cecad-a4standard-gp
0+1 records in
0+1 records out
2147479552 bytes (2.1 GB) copied, 33.4366 s, 64.2 MB/s
ubuntu@cecad-a4standard-gp:/mnt$ sudo dd if=/dev/zero of=test bs=2G count=1 oflag=direct
sudo: unable to resolve host cecad-a4standard-gp
0+1 records in
0+1 records out
2147479552 bytes (2.1 GB) copied, 33.5511 s, 64.0 MB/s
ubuntu@cecad-a4standard-gp:/mnt$ sudo dd if=/dev/zero of=test bs=2G count=1 oflag=direct
sudo: unable to resolve host cecad-a4standard-gp
0+1 records in
0+1 records out
2147479552 bytes (2.1 GB) copied, 33.153 s, 64.8 MB/s
ubuntu@cecad-a4standard-gp:/mnt$ sudo dd if=/dev/zero of=test bs=2G count=1 oflag=sync
sudo: unable to resolve host cecad-a4standard-gp
0+1 records in
0+1 records out
2147479552 bytes (2.1 GB) copied, 33.2659 s, 64.6 MB/s
ubuntu@cecad-a4standard-gp:/mnt$ sudo dd if=/dev/zero of=test bs=2G count=1 oflag=sync
sudo: unable to resolve host cecad-a4standard-gp
0+1 records in
0+1 records out
2147479552 bytes (2.1 GB) copied, 32.2911 s, 66.5 MB/s
ubuntu@cecad-a4standard-gp:/mnt$ sudo dd if=/dev/zero of=test bs=2G count=1 oflag=sync
sudo: unable to resolve host cecad-a4standard-gp
0+1 records in
0+1 records out
2147479552 bytes (2.1 GB) copied, 32.9297 s, 65.2 MB/s
ubuntu@cecad-a4standard-gp:/mnt$ sudo dd if=/dev/zero of=test bs=2G count=2 oflag=direct
sudo: unable to resolve host cecad-a4standard-gp
dd: warning: partial read (2147479552 bytes); suggest iflag=fullblock
0+2 records in
0+2 records out
4294959104 bytes (4.3 GB) copied, 63.0906 s, 68.1 MB/s
ubuntu@cecad-a4standard-gp:/mnt$ sudo dd if=/dev/zero of=test bs=2G count=2 oflag=direct
sudo: unable to resolve host cecad-a4standard-gp
dd: warning: partial read (2147479552 bytes); suggest iflag=fullblock
0+2 records in
0+2 records out
4294959104 bytes (4.3 GB) copied, 63.3926 s, 67.8 MB/s
ubuntu@cecad-a4standard-gp:/mnt$ sudo dd if=/dev/zero of=test bs=2G count=2 oflag=direct
sudo: unable to resolve host cecad-a4standard-gp
dd: warning: partial read (2147479552 bytes); suggest iflag=fullblock
0+2 records in
0+2 records out
4294959104 bytes (4.3 GB) copied, 62.2253 s, 69.0 MB/s
ubuntu@cecad-a4standard-gp:/mnt$ sudo dd if=/dev/zero of=test bs=2G count=2 oflag=sync
sudo: unable to resolve host cecad-a4standard-gp
dd: warning: partial read (2147479552 bytes); suggest iflag=fullblock
0+2 records in
0+2 records out
4294959104 bytes (4.3 GB) copied, 65.2545 s, 65.8 MB/s
ubuntu@cecad-a4standard-gp:/mnt$ sudo dd if=/dev/zero of=test bs=2G count=2 oflag=direct
sudo: unable to resolve host cecad-a4standard-gp
dd: warning: partial read (2147479552 bytes); suggest iflag=fullblock
0+2 records in
0+2 records out
4294959104 bytes (4.3 GB) copied, 61.8341 s, 69.5 MB/s
ubuntu@cecad-a4standard-gp:/mnt$ sudo dd if=/dev/zero of=test bs=2G count=2 oflag=sync
sudo: unable to resolve host cecad-a4standard-gp
dd: warning: partial read (2147479552 bytes); suggest iflag=fullblock
0+2 records in
0+2 records out
4294959104 bytes (4.3 GB) copied, 66.8443 s, 64.3 MB/s
ubuntu@cecad-a4standard-gp:/mnt$ sudo dd if=/dev/zero of=test bs=2G count=2 oflag=sync
sudo: unable to resolve host cecad-a4standard-gp
dd: warning: partial read (2147479552 bytes); suggest iflag=fullblock
0+2 records in
0+2 records out
4294959104 bytes (4.3 GB) copied, 66.5623 s, 64.5 MB/s
ubuntu@cecad-a4standard-gp:/mnt$ sudo dd if=/dev/zero of=test bs=2G count=2 oflag=sync
sudo: unable to resolve host cecad-a4standard-gp
dd: warning: partial read (2147479552 bytes); suggest iflag=fullblock
0+2 records in
0+2 records out
4294959104 bytes (4.3 GB) copied, 64.8704 s, 66.2 MB/s
ubuntu@cecad-a4standard-gp:/mnt$ sudo dd if=/dev/zero of=test bs=2G count=4 oflag=direct
sudo: unable to resolve host cecad-a4standard-gp
dd: warning: partial read (2147479552 bytes); suggest iflag=fullblock
dd: error writing 'test': File too large
0+3 records in
0+2 records out
4294967295 bytes (4.3 GB) copied, 35.7459 s, 120 MB/s
ubuntu@cecad-a4standard-gp:/mnt$ sudo dd if=/dev/zero of=test bs=2G count=4 oflag=direct
sudo: unable to resolve host cecad-a4standard-gp
dd: warning: partial read (2147479552 bytes); suggest iflag=fullblock
dd: error writing 'test': File too large
0+3 records in
0+2 records out
4294967295 bytes (4.3 GB) copied, 36.508 s, 118 MB/s
ubuntu@cecad-a4standard-gp:/mnt$ sudo dd if=/dev/zero of=test bs=2G count=4 oflag=direct
sudo: unable to resolve host cecad-a4standard-gp
dd: warning: partial read (2147479552 bytes); suggest iflag=fullblock
dd: error writing 'test': File too large
0+3 records in
0+2 records out
4294967295 bytes (4.3 GB) copied, 35.4599 s, 121 MB/s
ubuntu@cecad-a4standard-gp:/mnt$ sudo dd if=/dev/zero of=test bs=2G count=4 oflag=sync
sudo: unable to resolve host cecad-a4standard-gp
dd: warning: partial read (2147479552 bytes); suggest iflag=fullblock
dd: error writing 'test': File too large
0+3 records in
0+2 records out
4294967295 bytes (4.3 GB) copied, 67.5047 s, 63.6 MB/s
ubuntu@cecad-a4standard-gp:/mnt$ sudo dd if=/dev/zero of=test bs=2G count=4 oflag=sync
sudo: unable to resolve host cecad-a4standard-gp
dd: warning: partial read (2147479552 bytes); suggest iflag=fullblock
dd: error writing 'test': File too large
0+3 records in
0+2 records out
4294967295 bytes (4.3 GB) copied, 66.6371 s, 64.5 MB/s
ubuntu@cecad-a4standard-gp:/mnt$ sudo dd if=/dev/zero of=test bs=2G count=4 oflag=sync
sudo: unable to resolve host cecad-a4standard-gp
dd: warning: partial read (2147479552 bytes); suggest iflag=fullblock
dd: error writing 'test': File too large
0+3 records in
0+2 records out
4294967295 bytes (4.3 GB) copied, 67.3639 s, 63.8 MB/s
ubuntu@cecad-a4standard-gp:/mnt$ sudo dd if=/dev/zero of=test bs=4G count=1 oflag=direct
sudo: unable to resolve host cecad-a4standard-gp
0+1 records in
0+1 records out
2147479552 bytes (2.1 GB) copied, 33.8629 s, 63.4 MB/s
ubuntu@cecad-a4standard-gp:/mnt$ sudo dd if=/dev/zero of=test bs=4G count=1 oflag=direct
sudo: unable to resolve host cecad-a4standard-gp
0+1 records in
0+1 records out
2147479552 bytes (2.1 GB) copied, 32.6242 s, 65.8 MB/s
ubuntu@cecad-a4standard-gp:/mnt$ sudo dd if=/dev/zero of=test bs=4G count=1 oflag=direct
sudo: unable to resolve host cecad-a4standard-gp
0+1 records in
0+1 records out
2147479552 bytes (2.1 GB) copied, 34.6757 s, 61.9 MB/s
ubuntu@cecad-a4standard-gp:/mnt$ sudo dd if=/dev/zero of=test bs=4G count=1 oflag=sync
sudo: unable to resolve host cecad-a4standard-gp
0+1 records in
0+1 records out
2147479552 bytes (2.1 GB) copied, 32.6999 s, 65.7 MB/s
ubuntu@cecad-a4standard-gp:/mnt$ sudo dd if=/dev/zero of=test bs=4G count=1 oflag=sync
sudo: unable to resolve host cecad-a4standard-gp
0+1 records in
0+1 records out
2147479552 bytes (2.1 GB) copied, 34.6406 s, 62.0 MB/s
ubuntu@cecad-a4standard-gp:/mnt$ sudo dd if=/dev/zero of=test bs=4G count=1 oflag=sync
sudo: unable to resolve host cecad-a4standard-gp
0+1 records in
0+1 records out
2147479552 bytes (2.1 GB) copied, 32.5863 s, 65.9 MB/s
ubuntu@cecad-a4standard-gp:/mnt$ sudo dd if=/dev/zero of=test bs=4G count=2 oflag=direct
sudo: unable to resolve host cecad-a4standard-gp
dd: warning: partial read (2147479552 bytes); suggest iflag=fullblock
0+2 records in
0+2 records out
4294959104 bytes (4.3 GB) copied, 61.589 s, 69.7 MB/s
ubuntu@cecad-a4standard-gp:/mnt$ sudo dd if=/dev/zero of=test bs=4G count=2 oflag=direct
sudo: unable to resolve host cecad-a4standard-gp
dd: warning: partial read (2147479552 bytes); suggest iflag=fullblock
0+2 records in
0+2 records out
4294959104 bytes (4.3 GB) copied, 62.6056 s, 68.6 MB/s
ubuntu@cecad-a4standard-gp:/mnt$ sudo dd if=/dev/zero of=test bs=4G count=2 oflag=direct
sudo: unable to resolve host cecad-a4standard-gp
dd: warning: partial read (2147479552 bytes); suggest iflag=fullblock
0+2 records in
0+2 records out
4294959104 bytes (4.3 GB) copied, 63.2372 s, 67.9 MB/s
ubuntu@cecad-a4standard-gp:/mnt$ sudo dd if=/dev/zero of=test bs=4G count=2 oflag=direct
sudo: unable to resolve host cecad-a4standard-gp
dd: warning: partial read (2147479552 bytes); suggest iflag=fullblock
0+2 records in
0+2 records out
4294959104 bytes (4.3 GB) copied, 62.3402 s, 68.9 MB/s
ubuntu@cecad-a4standard-gp:/mnt$ sudo dd if=/dev/zero of=test bs=4G count=2 oflag=sync
sudo: unable to resolve host cecad-a4standard-gp
dd: warning: partial read (2147479552 bytes); suggest iflag=fullblock
0+2 records in
0+2 records out
4294959104 bytes (4.3 GB) copied, 65.6632 s, 65.4 MB/s
ubuntu@cecad-a4standard-gp:/mnt$ sudo dd if=/dev/zero of=test bs=4G count=2 oflag=sync
sudo: unable to resolve host cecad-a4standard-gp
dd: warning: partial read (2147479552 bytes); suggest iflag=fullblock
0+2 records in
0+2 records out
4294959104 bytes (4.3 GB) copied, 64.9782 s, 66.1 MB/s
ubuntu@cecad-a4standard-gp:/mnt$ sudo dd if=/dev/zero of=test bs=4G count=2 oflag=sync
sudo: unable to resolve host cecad-a4standard-gp
dd: warning: partial read (2147479552 bytes); suggest iflag=fullblock
0+2 records in
0+2 records out
4294959104 bytes (4.3 GB) copied, 64.847 s, 66.2 MB/s
ubuntu@cecad-a4standard-gp:/mnt$ sudo dd if=/dev/zero of=test bs=8G count=1 oflag=direct
sudo: unable to resolve host cecad-a4standard-gp
0+1 records in
0+1 records out
2147479552 bytes (2.1 GB) copied, 32.7294 s, 65.6 MB/s
ubuntu@cecad-a4standard-gp:/mnt$ sudo dd if=/dev/zero of=test bs=8G count=1 oflag=direct
sudo: unable to resolve host cecad-a4standard-gp
0+1 records in
0+1 records out
2147479552 bytes (2.1 GB) copied, 31.3563 s, 68.5 MB/s
ubuntu@cecad-a4standard-gp:/mnt$ sudo dd if=/dev/zero of=test bs=8G count=1 oflag=direct
sudo: unable to resolve host cecad-a4standard-gp
0+1 records in
0+1 records out
2147479552 bytes (2.1 GB) copied, 32.7533 s, 65.6 MB/s
ubuntu@cecad-a4standard-gp:/mnt$ sudo dd if=/dev/zero of=test bs=8G count=1 oflag=sync
sudo: unable to resolve host cecad-a4standard-gp
0+1 records in
0+1 records out
2147479552 bytes (2.1 GB) copied, 31.9002 s, 67.3 MB/s
ubuntu@cecad-a4standard-gp:/mnt$ sudo dd if=/dev/zero of=test bs=8G count=1 oflag=sync
sudo: unable to resolve host cecad-a4standard-gp
0+1 records in
0+1 records out
2147479552 bytes (2.1 GB) copied, 33.412 s, 64.3 MB/s
ubuntu@cecad-a4standard-gp:/mnt$ sudo dd if=/dev/zero of=test bs=8G count=1 oflag=sync
sudo: unable to resolve host cecad-a4standard-gp
0+1 records in
0+1 records out
2147479552 bytes (2.1 GB) copied, 37.8857 s, 56.7 MB/s



