cecad@A4BasicoStandard:~$ dd if=/dev/zero of=test count=1 bs=1GB oflag=direct
1+0 records in
1+0 records out
1000000000 bytes (1.0 GB) copied, 35.9352 s, 27.8 MB/s
cecad@A4BasicoStandard:~$ dd if=/dev/zero of=test count=1 bs=1GB oflag=sync
1+0 records in
1+0 records out
1000000000 bytes (1.0 GB) copied, 32.4789 s, 30.8 MB/s
cecad@A4BasicoStandard:~$ dd if=/dev/zero of=test count=2 bs=1GB oflag=sync
2+0 records in
2+0 records out
2000000000 bytes (2.0 GB) copied, 77.8843 s, 25.7 MB/s
cecad@A4BasicoStandard:~$ dd if=/dev/zero of=test count=2 bs=1GB oflag=direct
2+0 records in
2+0 records out
2000000000 bytes (2.0 GB) copied, 83.5257 s, 23.9 MB/s
cecad@A4BasicoStandard:~$ dd if=/dev/zero of=test count=4 bs=1GB oflag=direct
4+0 records in
4+0 records out
4000000000 bytes (4.0 GB) copied, 174.369 s, 22.9 MB/s
cecad@A4BasicoStandard:~$ dd if=/dev/zero of=test count=4 bs=1GB oflag=sync
4+0 records in
4+0 records out
4000000000 bytes (4.0 GB) copied, 149.265 s, 26.8 MB/s
cecad@A4BasicoStandard:~$ dd if=/dev/zero of=test count=1 bs=2GB oflag=sync
1+0 records in
1+0 records out
2000000000 bytes (2.0 GB) copied, 83.9672 s, 23.8 MB/s
cecad@A4BasicoStandard:~$ dd if=/dev/zero of=test count=1 bs=2GB oflag=direct
1+0 records in
1+0 records out
2000000000 bytes (2.0 GB) copied, 75.4744 s, 26.5 MB/s
cecad@A4BasicoStandard:~$ dd if=/dev/zero of=test count=2 bs=2GB oflag=direct
2+0 records in
2+0 records out
4000000000 bytes (4.0 GB) copied, 154.504 s, 25.9 MB/s
cecad@A4BasicoStandard:~$ dd if=/dev/zero of=test count=4 bs=2GB oflag=direct
4+0 records in
4+0 records out
8000000000 bytes (8.0 GB) copied, 302.872 s, 26.4 MB/s
cecad@A4BasicoStandard:~$ dd if=/dev/zero of=test count=2 bs=2GB oflag=sync
2+0 records in
2+0 records out
4000000000 bytes (4.0 GB) copied, 143.633 s, 27.8 MB/s
cecad@A4BasicoStandard:~$ dd if=/dev/zero of=test count=4 bs=2GB oflag=sync
4+0 records in
4+0 records out
8000000000 bytes (8.0 GB) copied, 233.634 s, 34.2 MB/s
cecad@A4BasicoStandard:~$ dd if=/dev/zero of=test count=1 bs=4GB oflag=sync
0+1 records in
0+1 records out
2147479552 bytes (2.1 GB) copied, 82.3716 s, 26.1 MB/s
cecad@A4BasicoStandard:~$ dd if=/dev/zero of=test count=1 bs=4GB oflag=direct
0+1 records in
0+1 records out
2147479552 bytes (2.1 GB) copied, 70.7446 s, 30.4 MB/s
cecad@A4BasicoStandard:/mnt$ sudo dd if=/dev/zero of=test count=1 bs=1GB oflag=direct
1+0 records in
1+0 records out
1000000000 bytes (1.0 GB) copied, 1.01374 s, 986 MB/s
cecad@A4BasicoStandard:/mnt$ sudo dd if=/dev/zero of=test count=1 bs=1GB oflag=direct
1+0 records in
1+0 records out
1000000000 bytes (1.0 GB) copied, 1.10344 s, 906 MB/s
cecad@A4BasicoStandard:/mnt$ sudo dd if=/dev/zero of=test count=1 bs=1GB oflag=sync
1+0 records in
1+0 records out
1000000000 bytes (1.0 GB) copied, 5.02442 s, 199 MB/s
cecad@A4BasicoStandard:/mnt$ sudo dd if=/dev/zero of=test count=1 bs=1GB oflag=sync
1+0 records in
1+0 records out
1000000000 bytes (1.0 GB) copied, 3.00613 s, 333 MB/s
cecad@A4BasicoStandard:/mnt$ sudo dd if=/dev/zero of=test count=1 bs=1GB oflag=sync
1+0 records in
1+0 records out
1000000000 bytes (1.0 GB) copied, 2.72349 s, 367 MB/s
cecad@A4BasicoStandard:/mnt$ dd if=/dev/zero of=test count=1 bs=1GB oflag=direct
dd: failed to open 'test': Permission denied
cecad@A4BasicoStandard:/mnt$ sudo dd if=/dev/zero of=test count=1 bs=1GB oflag=direct
1+0 records in
1+0 records out
1000000000 bytes (1.0 GB) copied, 1.01517 s, 985 MB/s
cecad@A4BasicoStandard:/mnt$ sudo dd if=/dev/zero of=test count=2 bs=1GB oflag=direct
2+0 records in
2+0 records out
2000000000 bytes (2.0 GB) copied, 1.9201 s, 1.0 GB/s
cecad@A4BasicoStandard:/mnt$ sudo dd if=/dev/zero of=test count=2 bs=1GB oflag=direct
2+0 records in
2+0 records out
2000000000 bytes (2.0 GB) copied, 1.79039 s, 1.1 GB/s
cecad@A4BasicoStandard:/mnt$ sudo dd if=/dev/zero of=test count=2 bs=1GB oflag=direct
2+0 records in
2+0 records out
2000000000 bytes (2.0 GB) copied, 1.71496 s, 1.2 GB/s
cecad@A4BasicoStandard:/mnt$ sudo dd if=/dev/zero of=test count=2 bs=1GB oflag=sync
2+0 records in
2+0 records out
2000000000 bytes (2.0 GB) copied, 5.37122 s, 372 MB/s
cecad@A4BasicoStandard:/mnt$ sudo dd if=/dev/zero of=test count=2 bs=1GB oflag=sync
2+0 records in
2+0 records out
2000000000 bytes (2.0 GB) copied, 5.23274 s, 382 MB/s
cecad@A4BasicoStandard:/mnt$ sudo dd if=/dev/zero of=test count=2 bs=1GB oflag=sync
2+0 records in
2+0 records out
2000000000 bytes (2.0 GB) copied, 6.00158 s, 333 MB/s
cecad@A4BasicoStandard:/mnt$ sudo dd if=/dev/zero of=test count=4 bs=1GB oflag=direct
4+0 records in
4+0 records out
4000000000 bytes (4.0 GB) copied, 3.23909 s, 1.2 GB/s
cecad@A4BasicoStandard:/mnt$ sudo dd if=/dev/zero of=test count=4 bs=1GB oflag=direct
4+0 records in
4+0 records out
4000000000 bytes (4.0 GB) copied, 3.36513 s, 1.2 GB/s
cecad@A4BasicoStandard:/mnt$ sudo dd if=/dev/zero of=test count=4 bs=1GB oflag=direct
4+0 records in
4+0 records out
4000000000 bytes (4.0 GB) copied, 3.36405 s, 1.2 GB/s
cecad@A4BasicoStandard:/mnt$ sudo dd if=/dev/zero of=test count=4 bs=1GB oflag=sync
4+0 records in
4+0 records out
4000000000 bytes (4.0 GB) copied, 10.5089 s, 381 MB/s
cecad@A4BasicoStandard:/mnt$ sudo dd if=/dev/zero of=test count=4 bs=1GB oflag=sync
4+0 records in
4+0 records out
4000000000 bytes (4.0 GB) copied, 10.9785 s, 364 MB/s
cecad@A4BasicoStandard:/mnt$ sudo dd if=/dev/zero of=test count=4 bs=1GB oflag=sync
4+0 records in
4+0 records out
4000000000 bytes (4.0 GB) copied, 10.8772 s, 368 MB/s
cecad@A4BasicoStandard:/mnt$ sudo dd if=/dev/zero of=test count=8 bs=1GB oflag=direct
8+0 records in
8+0 records out
8000000000 bytes (8.0 GB) copied, 6.53031 s, 1.2 GB/s
cecad@A4BasicoStandard:/mnt$ sudo dd if=/dev/zero of=test count=8 bs=1GB oflag=direct
8+0 records in
8+0 records out
8000000000 bytes (8.0 GB) copied, 6.38245 s, 1.3 GB/s
cecad@A4BasicoStandard:/mnt$ sudo dd if=/dev/zero of=test count=8 bs=1GB oflag=direct
8+0 records in
8+0 records out
8000000000 bytes (8.0 GB) copied, 7.42573 s, 1.1 GB/s
cecad@A4BasicoStandard:/mnt$ sudo dd if=/dev/zero of=test count=8 bs=1GB oflag=sync
8+0 records in
8+0 records out
8000000000 bytes (8.0 GB) copied, 21.816 s, 367 MB/s
cecad@A4BasicoStandard:/mnt$ sudo dd if=/dev/zero of=test count=8 bs=1GB oflag=sync
8+0 records in
8+0 records out
8000000000 bytes (8.0 GB) copied, 21.24 s, 377 MB/s
cecad@A4BasicoStandard:/mnt$ sudo dd if=/dev/zero of=test count=8 bs=1GB oflag=sync
8+0 records in
8+0 records out
8000000000 bytes (8.0 GB) copied, 20.5773 s, 389 MB/s
cecad@A4BasicoStandard:/mnt$ sudo dd if=/dev/zero of=test count=1 bs=2GB oflag=direct
1+0 records in
1+0 records out
2000000000 bytes (2.0 GB) copied, 2.07431 s, 964 MB/s
cecad@A4BasicoStandard:/mnt$ sudo dd if=/dev/zero of=test count=1 bs=2GB oflag=direct
1+0 records in
1+0 records out
2000000000 bytes (2.0 GB) copied, 1.95251 s, 1.0 GB/s
cecad@A4BasicoStandard:/mnt$ sudo dd if=/dev/zero of=test count=1 bs=2GB oflag=direct
1+0 records in
1+0 records out
2000000000 bytes (2.0 GB) copied, 2.10336 s, 951 MB/s
cecad@A4BasicoStandard:/mnt$ sudo dd if=/dev/zero of=test count=1 bs=2GB oflag=sync
1+0 records in
1+0 records out
2000000000 bytes (2.0 GB) copied, 5.36323 s, 373 MB/s
cecad@A4BasicoStandard:/mnt$ sudo dd if=/dev/zero of=test count=1 bs=2GB oflag=sync
1+0 records in
1+0 records out
2000000000 bytes (2.0 GB) copied, 5.68789 s, 352 MB/s
cecad@A4BasicoStandard:/mnt$ sudo dd if=/dev/zero of=test count=1 bs=2GB oflag=sync
1+0 records in
1+0 records out
2000000000 bytes (2.0 GB) copied, 5.63033 s, 355 MB/s
cecad@A4BasicoStandard:/mnt$ sudo dd if=/dev/zero of=test count=2 bs=2GB oflag=direct
2+0 records in
2+0 records out
4000000000 bytes (4.0 GB) copied, 3.58153 s, 1.1 GB/s
cecad@A4BasicoStandard:/mnt$ sudo dd if=/dev/zero of=test count=2 bs=2GB oflag=direct
2+0 records in
2+0 records out
4000000000 bytes (4.0 GB) copied, 3.61478 s, 1.1 GB/s
cecad@A4BasicoStandard:/mnt$ sudo dd if=/dev/zero of=test count=2 bs=2GB oflag=direct
2+0 records in
2+0 records out
4000000000 bytes (4.0 GB) copied, 3.48132 s, 1.1 GB/s
cecad@A4BasicoStandard:/mnt$ sudo dd if=/dev/zero of=test count=2 bs=2GB oflag=sync
2+0 records in
2+0 records out
4000000000 bytes (4.0 GB) copied, 10.6801 s, 375 MB/s
cecad@A4BasicoStandard:/mnt$ sudo dd if=/dev/zero of=test count=2 bs=2GB oflag=sync
2+0 records in
2+0 records out
4000000000 bytes (4.0 GB) copied, 10.04 s, 398 MB/s
cecad@A4BasicoStandard:/mnt$ sudo dd if=/dev/zero of=test count=2 bs=2GB oflag=sync
2+0 records in
2+0 records out
4000000000 bytes (4.0 GB) copied, 10.1482 s, 394 MB/s
cecad@A4BasicoStandard:/mnt$ sudo dd if=/dev/zero of=test count=4 bs=2GB oflag=direct
4+0 records in
4+0 records out
8000000000 bytes (8.0 GB) copied, 6.76896 s, 1.2 GB/s
cecad@A4BasicoStandard:/mnt$ sudo dd if=/dev/zero of=test count=4 bs=2GB oflag=direct
4+0 records in
4+0 records out
8000000000 bytes (8.0 GB) copied, 7.9476 s, 1.0 GB/s
cecad@A4BasicoStandard:/mnt$ sudo dd if=/dev/zero of=test count=4 bs=2GB oflag=direct
4+0 records in
4+0 records out
8000000000 bytes (8.0 GB) copied, 6.54838 s, 1.2 GB/s
cecad@A4BasicoStandard:/mnt$ sudo dd if=/dev/zero of=test count=4 bs=2GB oflag=sync
4+0 records in
4+0 records out
8000000000 bytes (8.0 GB) copied, 20.0735 s, 399 MB/s
cecad@A4BasicoStandard:/mnt$ sudo dd if=/dev/zero of=test count=4 bs=2GB oflag=sync
4+0 records in
4+0 records out
8000000000 bytes (8.0 GB) copied, 20.0373 s, 399 MB/s
cecad@A4BasicoStandard:/mnt$ sudo dd if=/dev/zero of=test count=4 bs=2GB oflag=sync
4+0 records in
4+0 records out
8000000000 bytes (8.0 GB) copied, 19.8555 s, 403 MB/s
cecad@A4BasicoStandard:/mnt$ sudo dd if=/dev/zero of=test count=1 bs=4GB oflag=direct
0+1 records in
0+1 records out
2147479552 bytes (2.1 GB) copied, 6.0042 s, 358 MB/s
cecad@A4BasicoStandard:/mnt$ sudo dd if=/dev/zero of=test count=1 bs=4GB oflag=direct
0+1 records in
0+1 records out
2147479552 bytes (2.1 GB) copied, 5.54858 s, 387 MB/s
cecad@A4BasicoStandard:/mnt$ sudo dd if=/dev/zero of=test count=1 bs=4GB oflag=direct
0+1 records in
0+1 records out
2147479552 bytes (2.1 GB) copied, 6.06264 s, 354 MB/s
cecad@A4BasicoStandard:/mnt$ sudo dd if=/dev/zero of=test count=1 bs=4GB oflag=sync
0+1 records in
0+1 records out
2147479552 bytes (2.1 GB) copied, 5.69762 s, 377 MB/s
cecad@A4BasicoStandard:/mnt$ sudo dd if=/dev/zero of=test count=1 bs=4GB oflag=sync
0+1 records in
0+1 records out
2147479552 bytes (2.1 GB) copied, 5.93741 s, 362 MB/s
cecad@A4BasicoStandard:/mnt$ sudo dd if=/dev/zero of=test count=1 bs=4GB oflag=sync
0+1 records in
0+1 records out
2147479552 bytes (2.1 GB) copied, 5.69642 s, 377 MB/s
cecad@A4BasicoStandard:/mnt$ sudo dd if=/dev/zero of=test count=2 bs=4GB oflag=direct
dd: warning: partial read (2147479552 bytes); suggest iflag=fullblock
0+2 records in
0+2 records out
4294959104 bytes (4.3 GB) copied, 11.1473 s, 385 MB/s
cecad@A4BasicoStandard:/mnt$ sudo dd if=/dev/zero of=test count=2 bs=4GB oflag=direct
dd: warning: partial read (2147479552 bytes); suggest iflag=fullblock
0+2 records in
0+2 records out
4294959104 bytes (4.3 GB) copied, 10.9216 s, 393 MB/s
cecad@A4BasicoStandard:/mnt$ sudo dd if=/dev/zero of=test count=2 bs=4GB oflag=direct
dd: warning: partial read (2147479552 bytes); suggest iflag=fullblock
0+2 records in
0+2 records out
4294959104 bytes (4.3 GB) copied, 10.8955 s, 394 MB/s
cecad@A4BasicoStandard:/mnt$ sudo dd if=/dev/zero of=test count=2 bs=4GB oflag=sync
dd: warning: partial read (2147479552 bytes); suggest iflag=fullblock
0+2 records in
0+2 records out
4294959104 bytes (4.3 GB) copied, 11.3448 s, 379 MB/s
cecad@A4BasicoStandard:/mnt$ sudo dd if=/dev/zero of=test count=2 bs=4GB oflag=sync
dd: warning: partial read (2147479552 bytes); suggest iflag=fullblock
0+2 records in
0+2 records out
4294959104 bytes (4.3 GB) copied, 10.8585 s, 396 MB/s
cecad@A4BasicoStandard:/mnt$ sudo dd if=/dev/zero of=test count=2 bs=4GB oflag=sync
dd: warning: partial read (2147479552 bytes); suggest iflag=fullblock
0+2 records in
0+2 records out
4294959104 bytes (4.3 GB) copied, 10.8712 s, 395 MB/s
cecad@A4BasicoStandard:/mnt$ sudo dd if=/dev/zero of=test count=1 bs=8GB oflag=direct
0+1 records in
0+1 records out
2147479552 bytes (2.1 GB) copied, 5.81873 s, 369 MB/s
cecad@A4BasicoStandard:/mnt$ sudo dd if=/dev/zero of=test count=1 bs=8GB oflag=direct
0+1 records in
0+1 records out
2147479552 bytes (2.1 GB) copied, 5.58527 s, 384 MB/s
cecad@A4BasicoStandard:/mnt$ sudo dd if=/dev/zero of=test count=1 bs=8GB oflag=direct
0+1 records in
0+1 records out
2147479552 bytes (2.1 GB) copied, 5.7076 s, 376 MB/s
cecad@A4BasicoStandard:/mnt$ sudo dd if=/dev/zero of=test count=1 bs=8GB oflag=sync
0+1 records in
0+1 records out
2147479552 bytes (2.1 GB) copied, 5.69414 s, 377 MB/s
cecad@A4BasicoStandard:/mnt$ sudo dd if=/dev/zero of=test count=1 bs=8GB oflag=sync
0+1 records in
0+1 records out
2147479552 bytes (2.1 GB) copied, 5.50306 s, 390 MB/s
cecad@A4BasicoStandard:/mnt$ sudo dd if=/dev/zero of=test count=1 bs=8GB oflag=sync
0+1 records in
0+1 records out
2147479552 bytes (2.1 GB) copied, 5.91894 s, 363 MB/s




